2026-06-20T12:43:28  Published 2 new guide(s): Heartleaf Philodendron, Chinese Evergreen. Live total: 12. Backlog remaining: 10.
2026-06-20T12:43:28  Rebuilt site: Built 62 pages from 12 plants -> C:\TestBuissness\public |   Plant guides: 12 |   Problem pages: 46
2026-06-20T12:44:56  Rebuilt site: Built 62 pages from 12 plants -> C:\TestBuissness\public |   Plant guides: 12 |   Problem pages: 46
2026-06-20T09:59:14  Rebuilt site: Built 62 pages from 12 plants -> /home/runner/work/leaflore/leaflore/public |   Plant guides: 12 |   Problem pages: 46
2026-06-20T10:00:12  Rebuilt site: Built 62 pages from 12 plants -> /home/runner/work/leaflore/leaflore/public |   Plant guides: 12 |   Problem pages: 46
2026-06-20T11:44:00  Rebuilt site: Built 315 pages across 5 languages from 12 plants -> /home/runner/work/leaflore/leaflore/public |   en: 12/12 plants translated |   ru: 0/12 plants translated |   he: 0/12 plants translated |   zh: 0/12 plants translated |   ar: 0/12 plants translated
2026-06-20T12:09:19  Rebuilt site: Built 315 pages across 5 languages from 12 plants -> /home/runner/work/leaflore/leaflore/public |   en: 12/12 plants translated |   ru: 12/12 plants translated |   he: 0/12 plants translated |   zh: 0/12 plants translated |   ar: 0/12 plants translated
2026-06-20T12:14:33  Rebuilt site: Built 315 pages across 5 languages from 12 plants -> /home/runner/work/leaflore/leaflore/public |   en: 12/12 plants translated |   ru: 12/12 plants translated |   he: 12/12 plants translated |   zh: 0/12 plants translated |   ar: 0/12 plants translated
2026-06-20T12:21:00  Rebuilt site: Built 315 pages across 5 languages from 12 plants -> /home/runner/work/leaflore/leaflore/public |   en: 12/12 plants translated |   ru: 12/12 plants translated |   he: 12/12 plants translated |   zh: 12/12 plants translated |   ar: 12/12 plants translated
2026-06-20T13:38:24  Rebuilt site: Built 315 pages across 5 languages from 12 plants -> /home/runner/work/leaflore/leaflore/public |   en: 12/12 plants translated |   ru: 12/12 plants translated |   he: 12/12 plants translated |   zh: 12/12 plants translated |   ar: 12/12 plants translated
2026-06-22T18:08:50  Published 2 new guide(s): Dragon Tree, Boston Fern. Live total: 14. Backlog remaining: 8.
2026-06-22T18:08:51  Rebuilt site: Built 355 pages across 5 languages from 14 plants -> /home/runner/work/leaflore/leaflore/public |   en: 14/14 plants translated |   ru: 12/14 plants translated |   he: 12/14 plants translated |   zh: 12/14 plants translated |   ar: 12/14 plants translated
2026-06-25T16:14:01  Published 2 new guide(s): Jade Plant, String of Pearls. Live total: 16. Backlog remaining: 6.
2026-06-25T16:14:01  Rebuilt site: Built 395 pages across 5 languages from 16 plants -> /home/runner/work/leaflore/leaflore/public |   en: 16/16 plants translated |   ru: 12/16 plants translated |   he: 12/16 plants translated |   zh: 12/16 plants translated |   ar: 12/16 plants translated
2026-06-28T15:09:56  Published 2 new guide(s): Bird of Paradise, Parlor Palm. Live total: 18. Backlog remaining: 4.
2026-06-28T15:09:56  Rebuilt site: Built 435 pages across 5 languages from 18 plants -> /home/runner/work/leaflore/leaflore/public |   en: 18/18 plants translated |   ru: 12/18 plants translated |   he: 12/18 plants translated |   zh: 12/18 plants translated |   ar: 12/18 plants translated
2026-07-01T16:14:42  Published 2 new guide(s): Anthurium, Money Tree. Live total: 20. Backlog remaining: 2.
2026-07-01T16:14:42  Rebuilt site: Built 475 pages across 5 languages from 20 plants -> /home/runner/work/leaflore/leaflore/public |   en: 20/20 plants translated |   ru: 12/20 plants translated |   he: 12/20 plants translated |   zh: 12/20 plants translated |   ar: 12/20 plants translated
2026-07-04T14:57:15  Published 2 new guide(s): Christmas Cactus, Areca Palm. Live total: 22. Backlog remaining: 0.
2026-07-04T14:57:15  Rebuilt site: Built 515 pages across 5 languages from 22 plants -> /home/runner/work/leaflore/leaflore/public |   en: 22/22 plants translated |   ru: 12/22 plants translated |   he: 12/22 plants translated |   zh: 12/22 plants translated |   ar: 12/22 plants translated
